// Jest Snapshot v1, https://goo.gl/fbAQLP

exports[`atoms/CheckBox.tsx should call handleClick props 1`] = `
<div
  className="flex"
>
  <div
    className="flex-grow w-full flex items-center"
  >
    <label
      className="relative flex items-center cursor-pointer transition duration-75 hover:opacity-85"
    >
      <input
        className="hidden"
        defaultChecked={false}
        name="test"
        onChange={[Function]}
        type="checkbox"
        value="on"
      />
      <div
        className="w-5 h-5 flex items-center justify-center transition duration-150 rounded-sm border-2 bg-white border-neutral-300"
      >
        <FontAwesomeIcon
          border={false}
          className="text-sm text-white transition duration-150 opacity-0"
          fixedWidth={false}
          flip={null}
          icon={
            Object {
              "icon": Array [
                512,
                512,
                Array [],
                "f00c",
                "M173.898 439.404l-166.4-166.4c-9.997-9.997-9.997-26.206 0-36.204l36.203-36.204c9.997-9.998 26.207-9.998 36.204 0L192 312.69 432.095 72.596c9.997-9.997 26.207-9.997 36.204 0l36.203 36.204c9.997 9.997 9.997 26.206 0 36.204l-294.4 294.401c-9.998 9.997-26.207 9.997-36.204-.001z",
              ],
              "iconName": "check",
              "prefix": "fas",
            }
          }
          inverse={false}
          listItem={false}
          mask={null}
          pull={null}
          pulse={false}
          rotation={null}
          size={null}
          spin={false}
          swapOpacity={false}
          symbol={false}
          title=""
          transform={null}
        />
      </div>
      <span
        className="ml-3 text-sm leading-snug"
      />
    </label>
  </div>
</div>
`;

exports[`atoms/CheckBox.tsx should matches to the snapshot 1`] = `
<div
  className="flex"
>
  <div
    className="flex-grow w-full flex items-center"
  >
    <label
      className="relative flex items-center cursor-pointer transition duration-75 hover:opacity-85"
    >
      <input
        className="hidden"
        defaultChecked={false}
        name="test"
        onChange={[Function]}
        type="checkbox"
        value="on"
      />
      <div
        className="w-5 h-5 flex items-center justify-center transition duration-150 rounded-sm border-2 bg-white border-neutral-300"
      >
        <FontAwesomeIcon
          border={false}
          className="text-sm text-white transition duration-150 opacity-0"
          fixedWidth={false}
          flip={null}
          icon={
            Object {
              "icon": Array [
                512,
                512,
                Array [],
                "f00c",
                "M173.898 439.404l-166.4-166.4c-9.997-9.997-9.997-26.206 0-36.204l36.203-36.204c9.997-9.998 26.207-9.998 36.204 0L192 312.69 432.095 72.596c9.997-9.997 26.207-9.997 36.204 0l36.203 36.204c9.997 9.997 9.997 26.206 0 36.204l-294.4 294.401c-9.998 9.997-26.207 9.997-36.204-.001z",
              ],
              "iconName": "check",
              "prefix": "fas",
            }
          }
          inverse={false}
          listItem={false}
          mask={null}
          pull={null}
          pulse={false}
          rotation={null}
          size={null}
          spin={false}
          swapOpacity={false}
          symbol={false}
          title=""
          transform={null}
        />
      </div>
      <span
        className="ml-3 text-sm leading-snug"
      />
    </label>
  </div>
</div>
`;
