// Jest Snapshot v1, https://goo.gl/fbAQLP

exports[`atoms/Pagination.tsx should matches to the snapshot 1`] = `
<nav
  className="flex items-center justify-center font-bold"
>
  <a
    className="w-8 h-8 flex items-center justify-center mx-2 rounded-full cursor-pointer transition duration-150 hover:opacity-85 text-primary shadow-icon"
    key="0"
    onClick={[Function]}
  >
    <div>
      <FontAwesomeIcon
        border={false}
        className=""
        fixedWidth={false}
        flip={null}
        icon={
          Object {
            "icon": Array [
              320,
              512,
              Array [],
              "f053",
              "M34.52 239.03L228.87 44.69c9.37-9.37 24.57-9.37 33.94 0l22.67 22.67c9.36 9.36 9.37 24.52.04 33.9L131.49 256l154.02 154.75c9.34 9.38 9.32 24.54-.04 33.9l-22.67 22.67c-9.37 9.37-24.57 9.37-33.94 0L34.52 272.97c-9.37-9.37-9.37-24.57 0-33.94z",
            ],
            "iconName": "chevron-left",
            "prefix": "fas",
          }
        }
        inverse={false}
        listItem={false}
        mask={null}
        pull={null}
        pulse={false}
        rotation={null}
        size={null}
        spin={false}
        swapOpacity={false}
        symbol={false}
        title=""
        transform={null}
      />
    </div>
  </a>
  <a
    className="w-8 h-8 flex items-center justify-center mx-2 rounded-full cursor-pointer transition duration-150 hover:opacity-85 text-primary"
    key="1"
    onClick={[Function]}
  >
    <div>
      1
    </div>
  </a>
  <a
    className="w-8 h-8 flex items-center justify-center mx-2 rounded-full cursor-pointer transition duration-150 hover:opacity-85 text-primary"
    key="2"
    onClick={[Function]}
  >
    <div>
      2
    </div>
  </a>
  <div
    className="w-8 h-8 flex items-center justify-center mx-2 rounded-full text-white bg-primary"
    key="3"
    onClick={null}
  >
    <div>
      3
    </div>
  </div>
  <a
    className="w-8 h-8 flex items-center justify-center mx-2 rounded-full cursor-pointer transition duration-150 hover:opacity-85 text-primary"
    key="4"
    onClick={[Function]}
  >
    <div>
      4
    </div>
  </a>
  <a
    className="w-8 h-8 flex items-center justify-center mx-2 rounded-full cursor-pointer transition duration-150 hover:opacity-85 text-primary"
    key="5"
    onClick={[Function]}
  >
    <div>
      5
    </div>
  </a>
  <a
    className="w-8 h-8 flex items-center justify-center mx-2 rounded-full cursor-pointer transition duration-150 hover:opacity-85 text-primary shadow-icon"
    key="6"
    onClick={[Function]}
  >
    <div>
      <FontAwesomeIcon
        border={false}
        className=""
        fixedWidth={false}
        flip={null}
        icon={
          Object {
            "icon": Array [
              320,
              512,
              Array [],
              "f054",
              "M285.476 272.971L91.132 467.314c-9.373 9.373-24.569 9.373-33.941 0l-22.667-22.667c-9.357-9.357-9.375-24.522-.04-33.901L188.505 256 34.484 101.255c-9.335-9.379-9.317-24.544.04-33.901l22.667-22.667c9.373-9.373 24.569-9.373 33.941 0L285.475 239.03c9.373 9.372 9.373 24.568.001 33.941z",
            ],
            "iconName": "chevron-right",
            "prefix": "fas",
          }
        }
        inverse={false}
        listItem={false}
        mask={null}
        pull={null}
        pulse={false}
        rotation={null}
        size={null}
        spin={false}
        swapOpacity={false}
        symbol={false}
        title=""
        transform={null}
      />
    </div>
  </a>
</nav>
`;
