// Jest Snapshot v1, https://goo.gl/fbAQLP

exports[`<Slider /> matches to the snapshot 1`] = `
<div
  className="relative h-8 mx-2 cursor-pointer"
  onMouseDown={[Function]}
/>
`;
