// Jest Snapshot v1, https://goo.gl/fbAQLP

exports[`atoms/Spinner.tsx should matches to the snapshot 1`] = `
<EmotionCssPropInternal
  __EMOTION_TYPE_PLEASE_DO_NOT_USE__="div"
  className="flex items-center justify-center"
  css={
    Object {
      "map": undefined,
      "name": "288pxk",
      "next": undefined,
      "styles": "
  .hollow-dots-spinner,
  .hollow-dots-spinner * {
    box-sizing: border-box;
  }

  .hollow-dots-spinner {
    height: 15px;
    width: calc(30px * 3);
  }

  .hollow-dots-spinner .dot {
    width: 15px;
    height: 15px;
    margin: 0 calc(15px / 2);
    background-color: #08C4B3;
    border-radius: 50%;
    float: left;
    transform: scale(0);
    animation: hollow-dots-spinner-animation 900ms ease infinite 0ms;
  }

  .hollow-dots-spinner .dot:nth-of-type(1) {
    animation-delay: calc(180ms * 1);
  }

  .hollow-dots-spinner .dot:nth-of-type(2) {
    animation-delay: calc(180ms * 2);
  }

  .hollow-dots-spinner .dot:nth-of-type(3) {
    animation-delay: calc(180ms * 3);
  }

  @keyframes hollow-dots-spinner-animation {
    50% {
      transform: scale(1);
      opacity: 1;
    }
    100% {
      opacity: 0;
    }
  }
",
      "toString": [Function],
    }
  }
>
  <div
    className="hollow-dots-spinner"
  >
    <div
      className="dot"
    />
    <div
      className="dot"
    />
    <div
      className="dot"
    />
  </div>
</EmotionCssPropInternal>
`;
