// Jest Snapshot v1, https://goo.gl/fbAQLP

exports[`atoms/filters/FilterPrice.tsx should matches to the snapshot 1`] = `
<FilterLayout
  hasValue=""
  label="Price"
  onApply={[Function]}
  onClear={[Function]}
  setPanelIsOpen={[Function]}
>
  <div
    className="px-b mb-4"
  >
    <Slider
      onChangeHandler={[Function]}
      setDragging={[Function]}
      value={
        Object {
          "max": 1,
          "min": 0,
        }
      }
    />
  </div>
  <form
    action=""
  >
    <div
      className="relative flex items-center -mx-2"
    >
      <div
        className="relative mx-2"
      >
        <span
          className="absolute left-0 mt-2 ml-3 text-xs"
        >
          Min price
        </span>
        <span
          className="absolute top-0 mt-6 ml-3"
        >
          ¥
        </span>
        <input
          className="block w-40 pt-6 pr-3 pb-2 pl-6 border border-neutral-300 rounded text-sm outline-none appearance-none"
          name="min"
          onBlur={[Function]}
          onChange={[Function]}
          type="text"
          value=""
        />
      </div>
      <span>
        -
      </span>
      <div
        className="relative mx-2"
      >
        <span
          className="absolute left-0 mt-2 ml-3 text-xs"
        >
          Max price
        </span>
        <span
          className="absolute top-0 mt-6 ml-3"
        >
          ¥
        </span>
        <input
          className="block w-40 pt-6 pr-3 pb-2 pl-6 border border-neutral-300 rounded text-sm outline-none appearance-none"
          name="max"
          onBlur={[Function]}
          onChange={[Function]}
          type="text"
          value=""
        />
      </div>
    </div>
  </form>
</FilterLayout>
`;
